[memory] reconstruction start: 59.91% free
[affine] rank=93 nullity=116
[face] wave45/ordered_edge: rank=1 nullity=15
[memory] after wave45/ordered_edge: 60.77% free
[face] wave45/ordered_nonedge: rank=1 nullity=18
[memory] after wave45/ordered_nonedge: 60.75% free
[face] wave45/vertex: rank=12 nullity=5
[memory] after wave45/vertex: 60.82% free
[face] wave47/root_000: rank=58 nullity=6
[memory] after wave47/root_000: 60.71% free
[face] wave47/root_001: rank=50 nullity=6
[memory] after wave47/root_001: 60.79% free
[face] wave47/root_010: rank=50 nullity=6
[memory] after wave47/root_010: 60.80% free
[face] wave47/root_011: rank=36 nullity=6
[memory] after wave47/root_011: 60.83% free
[face] wave47/root_100: rank=50 nullity=6
[memory] after wave47/root_100: 60.93% free
[face] wave47/root_101: rank=36 nullity=6
[memory] after wave47/root_101: 60.81% free
[face] wave47/root_110: rank=36 nullity=6
[memory] after wave47/root_110: 60.86% free
[face] wave47/root_111: rank=17 nullity=3
[memory] after wave47/root_111: 60.84% free
[memory] reconstruction finish: 60.84% free
independent_sha256=e2b7c1684cf4681504c303a090fe3b8f9882ddb2a6c514a973fd6686394a10e4
