COMMAND: <pinned Lean 4.27.0 lake> --wfail build
WORKTREE: detached clean external clone at be7b0ae3394721a4c3a1375008a1dbfca44981fc
EXIT CODE: 0

Built Conway99C3Orbits.Basic
Conway99C3Orbits.eigenvalue_eq_three_or_neg_four_of_quotientIdentity
  depends on axioms: [propext, Classical.choice, Quot.sound]
Conway99C3Orbits.trace_eq_twice_card_of_c3OrbitDiagonal
  depends on axioms: [propext, Classical.choice, Quot.sound]
Conway99C3Orbits.candidateCounts_of_trace_eigenvalueMultiplicities
  depends on axioms: [propext, Classical.choice, Quot.sound]
Conway99C3Orbits.triangularOrbitCount_candidates
  depends on axioms: [propext, Classical.choice, Quot.sound]
Conway99C3Orbits.count_eq_six_or_twentySeven_of_trace_eigenvalueMultiplicities_and_congruence
  depends on axioms: [propext, Classical.choice, Quot.sound]
Conway99C3Orbits.triangularOrbitCount_eq_six_or_twentySeven
  depends on axioms: [propext, Classical.choice, Quot.sound]
Conway99C3Orbits.C3QuotientCertificate.card_eq_six_or_twentySeven
  depends on axioms: [propext, Classical.choice, Quot.sound]
Built Conway99C3Orbits
Build completed successfully (3068 jobs).
